[16:43:10] === A/B start: 13 FOVs × 2 arms, free=214GB ===
[16:43:10] --- FOV 1/13: T1_230202_PrL-NAc-G6-6F_HI-D2_FOV2_pre-000_mc ---
[16:46:06] OK T1_230202_PrL-NAc-G6-6F_HI-D2_FOV2_pre-000_mc|pmdoff 176s  recall=0.654 tp=34 fp=7 fn=18
[16:48:22] OK T1_230202_PrL-NAc-G6-6F_HI-D2_FOV2_pre-000_mc|pmdon 135s  recall=0.654 tp=34 fp=7 fn=18
[16:48:23] --- FOV 2/13: T1_230215_PrL-NAc-G6-7F_LOW-D1_FOV1_BEH-001_mc ---
[16:54:15] OK T1_230215_PrL-NAc-G6-7F_LOW-D1_FOV1_BEH-001_mc|pmdoff 352s  recall=0.217 tp=5 fp=2 fn=18
[17:01:03] OK T1_230215_PrL-NAc-G6-7F_LOW-D1_FOV1_BEH-001_mc|pmdon 407s  recall=0.217 tp=5 fp=5 fn=18
[17:01:03] --- FOV 3/13: T1_230308_PrL-NAc-G6-6M_EXT-D2_FOV2_BEH-003_mc ---
[17:07:55] OK T1_230308_PrL-NAc-G6-6M_EXT-D2_FOV2_BEH-003_mc|pmdoff 412s  recall=0.963 tp=26 fp=3 fn=1
[17:15:38] OK T1_230308_PrL-NAc-G6-6M_EXT-D2_FOV2_BEH-003_mc|pmdon 462s  recall=0.926 tp=25 fp=10 fn=2
[17:15:39] --- FOV 4/13: T1_230226_PrL-NAc-G6-7F_LOW-D10_FOV2_BEH-001_mc ---
[17:21:50] OK T1_230226_PrL-NAc-G6-7F_LOW-D10_FOV2_BEH-001_mc|pmdoff 371s  recall=0.208 tp=5 fp=5 fn=19
[17:28:35] OK T1_230226_PrL-NAc-G6-7F_LOW-D10_FOV2_BEH-001_mc|pmdon 405s  recall=0.250 tp=6 fp=11 fn=18
[17:28:36] --- FOV 5/13: T1_230116_PrL-NAc-G6-5M_EXT-D9_FOV1_EXT-D9_PRE-000_mc ---
[17:31:30] OK T1_230116_PrL-NAc-G6-5M_EXT-D9_FOV1_EXT-D9_PRE-000_mc|pmdoff 174s  recall=0.576 tp=38 fp=9 fn=28
[17:34:24] OK T1_230116_PrL-NAc-G6-5M_EXT-D9_FOV1_EXT-D9_PRE-000_mc|pmdon 173s  recall=0.621 tp=41 fp=15 fn=25
[17:34:24] --- FOV 6/13: T1_230228_PrL-NAc-G6-7F_EXT-D1_FOV1_PRE-000_mc ---
[17:37:07] OK T1_230228_PrL-NAc-G6-7F_EXT-D1_FOV1_PRE-000_mc|pmdoff 163s  recall=0.350 tp=7 fp=3 fn=13
[17:39:45] OK T1_230228_PrL-NAc-G6-7F_EXT-D1_FOV1_PRE-000_mc|pmdon 157s  recall=0.350 tp=7 fp=13 fn=13
[17:39:45] --- FOV 7/13: T1_230118_PrL-NAc-G6-5M_EXT-D10_FOV2_PRE-000_mc ---
[17:42:34] OK T1_230118_PrL-NAc-G6-5M_EXT-D10_FOV2_PRE-000_mc|pmdoff 169s  recall=0.641 tp=50 fp=14 fn=28
[17:45:25] OK T1_230118_PrL-NAc-G6-5M_EXT-D10_FOV2_PRE-000_mc|pmdon 171s  recall=0.718 tp=56 fp=36 fn=22
[17:45:26] --- FOV 8/13: T1_230118_PrL-NAc-G6-5M_EXT-D10_FOV2_BEH-001_mc ---
[17:52:32] OK T1_230118_PrL-NAc-G6-5M_EXT-D10_FOV2_BEH-001_mc|pmdoff 426s  recall=0.769 tp=60 fp=13 fn=18
[18:00:27] OK T1_230118_PrL-NAc-G6-5M_EXT-D10_FOV2_BEH-001_mc|pmdon 474s  recall=0.846 tp=66 fp=50 fn=12
[18:00:27] --- FOV 9/13: T1_230316_PrL-NAc-G6-7F_EXT-D10_FOV2_BEH-001_mc ---
[18:07:15] OK T1_230316_PrL-NAc-G6-7F_EXT-D10_FOV2_BEH-001_mc|pmdoff 408s  recall=0.524 tp=11 fp=6 fn=10
[18:15:16] OK T1_230316_PrL-NAc-G6-7F_EXT-D10_FOV2_BEH-001_mc|pmdon 481s  recall=0.571 tp=12 fp=22 fn=9
[18:15:17] --- FOV 10/13: T1_230215_PrL-NAc-G6-7F_LOW-D1_FOV1_PRE-001_mc ---
[18:18:15] OK T1_230215_PrL-NAc-G6-7F_LOW-D1_FOV1_PRE-001_mc|pmdoff 178s  recall=0.130 tp=3 fp=3 fn=20
[18:21:13] OK T1_230215_PrL-NAc-G6-7F_LOW-D1_FOV1_PRE-001_mc|pmdon 178s  recall=0.130 tp=3 fp=8 fn=20
[18:21:13] --- FOV 11/13: T1_230308_PrL-NAc-G6-6M_EXT-D2_FOV2_PRE-000_mc ---
[18:24:09] OK T1_230308_PrL-NAc-G6-6M_EXT-D2_FOV2_PRE-000_mc|pmdoff 176s  recall=0.815 tp=22 fp=2 fn=5
[18:27:13] OK T1_230308_PrL-NAc-G6-6M_EXT-D2_FOV2_PRE-000_mc|pmdon 184s  recall=0.815 tp=22 fp=6 fn=5
[18:27:13] --- FOV 12/13: T1_PrL-NAc-G6-7F_EXT-D9_FOV1_BEH-001_mc ---
[18:34:00] OK T1_PrL-NAc-G6-7F_EXT-D9_FOV1_BEH-001_mc|pmdoff 407s  recall=0.440 tp=11 fp=4 fn=14
[18:41:27] OK T1_PrL-NAc-G6-7F_EXT-D9_FOV1_BEH-001_mc|pmdon 446s  recall=0.480 tp=12 fp=22 fn=13
[18:41:27] --- FOV 13/13: T1_2221230_PrL-NAc-G6-5M_LOW-D9_FOV1_BEH_PT2-002_mc ---
[18:48:44] OK T1_2221230_PrL-NAc-G6-5M_LOW-D9_FOV1_BEH_PT2-002_mc|pmdoff 436s  recall=0.855 tp=65 fp=11 fn=11
[18:56:17] OK T1_2221230_PrL-NAc-G6-5M_LOW-D9_FOV1_BEH_PT2-002_mc|pmdon 453s  recall=0.908 tp=69 fp=26 fn=7
[18:56:18] === ALL RUNS DONE ===
